// Jest Snapshot v1, https://goo.gl/fbAQLP

exports[`<Cell /> should match snapshot 1`] = `
<td
  className="table__cell"
  data-testid="table-cell"
>
  <div
    className="editable-field"
    data-testid="editable-field-display"
    onClick={[Function]}
  >
    
  </div>
</td>
`;
