// Jest Snapshot v1, https://goo.gl/fbAQLP

exports[`<ExportButton /> should match snapshot 1`] = `
<a
  className="export-link"
  data-testid="export-button"
  download="react-csv.csv"
  href="data:text/csv;charset=utf-8,ï»¿"
  onClick={[Function]}
  tabIndex="-1"
  target="_self"
>
  <input
    className="button button--secondary"
    type="button"
    value="Export"
  />
</a>
`;
