// Jest Snapshot v1, https://goo.gl/fbAQLP

exports[`<Row /> should match snapshot 1`] = `
<tr
  className="table__row"
  data-testid="table-row"
/>
`;
